<html>
<body>
<pre>
<h1>µVision Build Log</h1>
<h2>Tool Versions:</h2>
IDE-Version: ÂµVision V5.37.0.0
Copyright (C) 2022 ARM Ltd and ARM Germany GmbH. All rights reserved.
License Information: Ufuk Karaca, TOBB University of Economics and Technology, LIC=----
 
Tool Versions:
Toolchain:       MDK-Lite  Version: 5.37.0.0
Toolchain Path:  C:\Keil_v5\ARM\ARMCLANG\Bin
C Compiler:      ArmClang.exe V6.18
Assembler:       Armasm.exe V6.18
Linker/Locator:  ArmLink.exe V6.18
Library Manager: ArmAr.exe V6.18
Hex Converter:   FromElf.exe V6.18
CPU DLL:         SARMCM3.DLL V5.37.0.0
Dialog DLL:      DCM.DLL V1.17.5.0
Target DLL:      STLink\ST-LINKIII-KEIL_SWO.dll V3.0.9.0
Dialog DLL:      TCM.DLL V1.56.1.0
 
<h2>Project:</h2>
C:\bil362l\lab6\191201018_Proje\MDK-ARM\191201018_Proje.uvprojx
Project File Date:  12/07/2022

<h2>Output:</h2>
*** Using Compiler 'V6.18', folder: 'C:\Keil_v5\ARM\ARMCLANG\Bin'
Rebuild target '191201018_Proje'
assembling startup_stm32f415xx.s...
compiling dwt_delay.c...
compiling stm32f4xx_it.c...
compiling stm32f4xx_hal_flash_ramfunc.c...
compiling Nokia_5110.c...
compiling stm32f4xx_hal_msp.c...
compiling stm32f4xx_hal_flash_ex.c...
compiling stm32f4xx_hal_gpio.c...
compiling stm32f4xx_hal_flash.c...
compiling stm32f4xx_hal_rcc_ex.c...
compiling stm32f4xx_hal_dma_ex.c...
compiling stm32f4xx_hal_pwr.c...
compiling stm32f4xx_hal_rcc.c...
compiling stm32f4xx_hal_tim_ex.c...
../Src/main.c(386): warning: passing 'const unsigned char[504]' to parameter of type 'const char *' converts between pointers to integer types where one is of the unique plain 'char' type and the other is not [-Wpointer-sign]
  NOKIA_Image(Screen_Start_Bitmap);
              ^~~~~~~~~~~~~~~~~~~
../Inc\Nokia_5110.h(18): note: passing argument to parameter 'image' here
 void NOKIA_Image(const char *image);
                              ^
../Src/main.c(407): warning: passing 'const unsigned char[28]' to parameter of type 'const char *' converts between pointers to integer types where one is of the unique plain 'char' type and the other is not [-Wpointer-sign]
          NOKIA_Partial_Image(5, 0, 28, 28, Player_Default_Bitmap);
                                            ^~~~~~~~~~~~~~~~~~~~~
../Inc\Nokia_5110.h(19): note: passing argument to parameter 'image' here
 void NOKIA_Partial_Image(char xNOKIA, char yNOKIA,char xImage,char array_length, const char *image);
                                                                                              ^
../Src/main.c(415): warning: passing 'const unsigned char[84]' to parameter of type 'const char *' converts between pointers to integer types where one is of the unique plain 'char' type and the other is not [-Wpointer-sign]
                                NOKIA_Partial_Image(5, 0, 84, 84, Empty_Row_Bitmap);
                                                                  ^~~~~~~~~~~~~~~~
../Inc\Nokia_5110.h(19): note: passing argument to parameter 'image' here
 void NOKIA_Partial_Image(char xNOKIA, char yNOKIA,char xImage,char array_length, const char *image);
                                                                                              ^
../Src/main.c(417): warning: passing 'const unsigned char[28]' to parameter of type 'const char *' converts between pointers to integer types where one is of the unique plain 'char' type and the other is not [-Wpointer-sign]
                                NOKIA_Partial_Image(5, player_position * 28, 28, 28, Player_Default_Bitmap);
                                                                                     ^~~~~~~~~~~~~~~~~~~~~
../Inc\Nokia_5110.h(19): note: passing argument to parameter 'image' here
 void NOKIA_Partial_Image(char xNOKIA, char yNOKIA,char xImage,char array_length, const char *image);
                                                                                              ^
../Src/main.c(425): warning: passing 'const unsigned char[28]' to parameter of type 'const char *' converts between pointers to integer types where one is of the unique plain 'char' type and the other is not [-Wpointer-sign]
                                                                                NOKIA_Partial_Image(5, player_position * 28, 28, 28, Empty_Bitmap);
                                                                                                                                     ^~~~~~~~~~~~
../Inc\Nokia_5110.h(19): note: passing argument to parameter 'image' here
 void NOKIA_Partial_Image(char xNOKIA, char yNOKIA,char xImage,char array_length, const char *image);
                                                                                              ^
../Src/main.c(430): warning: passing 'const unsigned char[28]' to parameter of type 'const char *' converts between pointers to integer types where one is of the unique plain 'char' type and the other is not [-Wpointer-sign]
                                                                                NOKIA_Partial_Image(5, player_position * 28, 28, 28, Empty_Bitmap);
                                                                                                                                     ^~~~~~~~~~~~
../Inc\Nokia_5110.h(19): note: passing argument to parameter 'image' here
 void NOKIA_Partial_Image(char xNOKIA, char yNOKIA,char xImage,char array_length, const char *image);
                                                                                              ^
../Src/main.c(435): warning: passing 'const unsigned char[28]' to parameter of type 'const char *' converts between pointers to integer types where one is of the unique plain 'char' type and the other is not [-Wpointer-sign]
                                                                                NOKIA_Partial_Image(5, player_position * 28, 28, 28, Empty_Bitmap);
                                                                                                                                     ^~~~~~~~~~~~
../Inc\Nokia_5110.h(19): note: passing argument to parameter 'image' here
 void NOKIA_Partial_Image(char xNOKIA, char yNOKIA,char xImage,char array_length, const char *image);
                                                                                              ^
../Src/main.c(442): warning: passing 'const unsigned char[28]' to parameter of type 'const char *' converts between pointers to integer types where one is of the unique plain 'char' type and the other is not [-Wpointer-sign]
          NOKIA_Partial_Image(5, player_position * 28, 28, 28, Player_Jump_Bitmap);
                                                               ^~~~~~~~~~~~~~~~~~
../Inc\Nokia_5110.h(19): note: passing argument to parameter 'image' here
 void NOKIA_Partial_Image(char xNOKIA, char yNOKIA,char xImage,char array_length, const char *image);
                                                                                              ^
../Src/main.c(446): warning: passing 'const unsigned char[28]' to parameter of type 'const char *' converts between pointers to integer types where one is of the unique plain 'char' type and the other is not [-Wpointer-sign]
          NOKIA_Partial_Image(5, player_position * 28, 28, 28, Player_Default_Bitmap);
                                                               ^~~~~~~~~~~~~~~~~~~~~
../Inc\Nokia_5110.h(19): note: passing argument to parameter 'image' here
 void NOKIA_Partial_Image(char xNOKIA, char yNOKIA,char xImage,char array_length, const char *image);
                                                                                              ^
../Src/main.c(488): warning: passing 'const unsigned char[28]' to parameter of type 'const char *' converts between pointers to integer types where one is of the unique plain 'char' type and the other is not [-Wpointer-sign]
            NOKIA_Partial_Image(j, 0, 28, 28, Empty_Bitmap);
                                              ^~~~~~~~~~~~
../Inc\Nokia_5110.h(19): note: passing argument to parameter 'image' here
 void NOKIA_Partial_Image(char xNOKIA, char yNOKIA,char xImage,char array_length, const char *image);
                                                                                              ^
../Src/main.c(491): warning: passing 'const unsigned char[28]' to parameter of type 'const char *' converts between pointers to integer types where one is of the unique plain 'char' type and the other is not [-Wpointer-sign]
            NOKIA_Partial_Image(j, 0, 28, 28, Barrier_Jump_Bitmap);
                                              ^~~~~~~~~~~~~~~~~~~
../Inc\Nokia_5110.h(19): note: passing argument to parameter 'image' here
 void NOKIA_Partial_Image(char xNOKIA, char yNOKIA,char xImage,char array_length, const char *image);
                                                                                              ^
../Src/main.c(494): warning: passing 'const unsigned char[28]' to parameter of type 'const char *' converts between pointers to integer types where one is of the unique plain 'char' type and the other is not [-Wpointer-sign]
            NOKIA_Partial_Image(j, 0, 28, 28, Barrier_Solid_Bitmap);
                                              ^~~~~~~~~~~~~~~~~~~~
../Inc\Nokia_5110.h(19): note: passing argument to parameter 'image' here
 void NOKIA_Partial_Image(char xNOKIA, char yNOKIA,char xImage,char array_length, const char *image);
                                                                                              ^
../Src/main.c(500): warning: passing 'const unsigned char[28]' to parameter of type 'const char *' converts between pointers to integer types where one is of the unique plain 'char' type and the other is not [-Wpointer-sign]
            NOKIA_Partial_Image(j, 28, 28, 28, Empty_Bitmap);
                                               ^~~~~~~~~~~~
../Inc\Nokia_5110.h(19): note: passing argument to parameter 'image' here
 void NOKIA_Partial_Image(char xNOKIA, char yNOKIA,char xImage,char array_length, const char *image);
                                                                                              ^
../Src/main.c(503): warning: passing 'const unsigned char[28]' to parameter of type 'const char *' converts between pointers to integer types where one is of the unique plain 'char' type and the other is not [-Wpointer-sign]
            NOKIA_Partial_Image(j, 28, 28, 28, Barrier_Jump_Bitmap);
                                               ^~~~~~~~~~~~~~~~~~~
../Inc\Nokia_5110.h(19): note: passing argument to parameter 'image' here
 void NOKIA_Partial_Image(char xNOKIA, char yNOKIA,char xImage,char array_length, const char *image);
                                                                                              ^
../Src/main.c(506): warning: passing 'const unsigned char[28]' to parameter of type 'const char *' converts between pointers to integer types where one is of the unique plain 'char' type and the other is not [-Wpointer-sign]
            NOKIA_Partial_Image(j, 28, 28, 28, Barrier_Solid_Bitmap);
                                               ^~~~~~~~~~~~~~~~~~~~
../Inc\Nokia_5110.h(19): note: passing argument to parameter 'image' here
 void NOKIA_Partial_Image(char xNOKIA, char yNOKIA,char xImage,char array_length, const char *image);
                                                                                              ^
../Src/main.c(512): warning: passing 'const unsigned char[28]' to parameter of type 'const char *' converts between pointers to integer types where one is of the unique plain 'char' type and the other is not [-Wpointer-sign]
            NOKIA_Partial_Image(j, 56, 28, 28, Empty_Bitmap);
                                               ^~~~~~~~~~~~
../Inc\Nokia_5110.h(19): note: passing argument to parameter 'image' here
 void NOKIA_Partial_Image(char xNOKIA, char yNOKIA,char xImage,char array_length, const char *image);
                                                                                              ^
../Src/main.c(515): warning: passing 'const unsigned char[28]' to parameter of type 'const char *' converts between pointers to integer types where one is of the unique plain 'char' type and the other is not [-Wpointer-sign]
            NOKIA_Partial_Image(j, 56, 28, 28, Barrier_Jump_Bitmap);
                                               ^~~~~~~~~~~~~~~~~~~
../Inc\Nokia_5110.h(19): note: passing argument to parameter 'image' here
 void NOKIA_Partial_Image(char xNOKIA, char yNOKIA,char xImage,char array_length, const char *image);
                                                                                              ^
../Src/main.c(518): warning: passing 'const unsigned char[28]' to parameter of type 'const char *' converts between pointers to integer types where one is of the unique plain 'char' type and the other is not [-Wpointer-sign]
            NOKIA_Partial_Image(j, 56, 28, 28, Barrier_Solid_Bitmap);
                                               ^~~~~~~~~~~~~~~~~~~~
../Inc\Nokia_5110.h(19): note: passing argument to parameter 'image' here
 void NOKIA_Partial_Image(char xNOKIA, char yNOKIA,char xImage,char array_length, const char *image);
                                                                                              ^
../Src/main.c(528): warning: passing 'const unsigned char[28]' to parameter of type 'const char *' converts between pointers to integer types where one is of the unique plain 'char' type and the other is not [-Wpointer-sign]
          NOKIA_Partial_Image(5, player_position * 28, 28, 28, Player_Jump_Bitmap);
                                                               ^~~~~~~~~~~~~~~~~~
../Inc\Nokia_5110.h(19): note: passing argument to parameter 'image' here
 void NOKIA_Partial_Image(char xNOKIA, char yNOKIA,char xImage,char array_length, const char *image);
                                                                                              ^
../Src/main.c(532): warning: passing 'const unsigned char[28]' to parameter of type 'const char *' converts between pointers to integer types where one is of the unique plain 'char' type and the other is not [-Wpointer-sign]
          NOKIA_Partial_Image(5, player_position * 28, 28, 28, Player_Default_Bitmap);
                                                               ^~~~~~~~~~~~~~~~~~~~~
../Inc\Nokia_5110.h(19): note: passing argument to parameter 'image' here
 void NOKIA_Partial_Image(char xNOKIA, char yNOKIA,char xImage,char array_length, const char *image);
                                                                                              ^
../Src/main.c(551): warning: passing 'const unsigned char[504]' to parameter of type 'const char *' converts between pointers to integer types where one is of the unique plain 'char' type and the other is not [-Wpointer-sign]
        NOKIA_Image(Screen_End_Fail_Bitmap);
                    ^~~~~~~~~~~~~~~~~~~~~~
../Inc\Nokia_5110.h(18): note: passing argument to parameter 'image' here
 void NOKIA_Image(const char *image);
                              ^
../Src/main.c(555): warning: passing 'const unsigned char[504]' to parameter of type 'const char *' converts between pointers to integer types where one is of the unique plain 'char' type and the other is not [-Wpointer-sign]
        NOKIA_Image(Screen_End_Success_Bitmap);
                    ^~~~~~~~~~~~~~~~~~~~~~~~~
../Inc\Nokia_5110.h(18): note: passing argument to parameter 'image' here
 void NOKIA_Image(const char *image);
                              ^
../Src/main.c(575): warning: passing 'const unsigned char[504]' to parameter of type 'const char *' converts between pointers to integer types where one is of the unique plain 'char' type and the other is not [-Wpointer-sign]
      NOKIA_Image(Screen_Start_Bitmap);
                  ^~~~~~~~~~~~~~~~~~~
../Inc\Nokia_5110.h(18): note: passing argument to parameter 'image' here
 void NOKIA_Image(const char *image);
                              ^
23 warnings generated.
compiling main.c...
compiling stm32f4xx_hal_pwr_ex.c...
compiling stm32f4xx_hal_dma.c...
compiling system_stm32f4xx.c...
compiling stm32f4xx_hal_cortex.c...
compiling stm32f4xx_hal_exti.c...
compiling stm32f4xx_hal.c...
compiling stm32f4xx_hal_tim.c...
linking...
Program Size: Code=8752 RO-data=2188 RW-data=228 ZI-data=1948  
FromELF: creating hex file...
"191201018_Proje\191201018_Proje.axf" - 0 Error(s), 23 Warning(s).

<h2>Software Packages used:</h2>

Package Vendor: ARM
                http://www.keil.com/pack/ARM.CMSIS.5.9.0.pack
                ARM.CMSIS.5.9.0
                CMSIS (Common Microcontroller Software Interface Standard)
   * Component: CORE Version: 5.6.0

Package Vendor: Keil
                http://www.keil.com/pack/Keil.STM32F4xx_DFP.2.16.0.pack
                Keil.STM32F4xx_DFP.2.16.0
                STMicroelectronics STM32F4 Series Device Support, Drivers and Examples

<h2>Collection of Component include folders:</h2>
  ./RTE/_191201018_Proje
  C:/Users/ufuk.karaca/AppData/Local/Arm/Packs/ARM/CMSIS/5.9.0/CMSIS/Core/Include
  C:/Users/ufuk.karaca/AppData/Local/Arm/Packs/Keil/STM32F4xx_DFP/2.16.0/Drivers/CMSIS/Device/ST/STM32F4xx/Include

<h2>Collection of Component Files used:</h2>

   * Component: ARM::CMSIS:CORE:5.6.0
      Include file:  CMSIS/Core/Include/tz_context.h
Build Time Elapsed:  00:00:02
</pre>
</body>
</html>
